[backblue.gif]
[fade.gif]
[index.html]
[www.dequinox.in/images/astitva.jpg]
[www.dequinox.in/images/logo.png]
[www.dequinox.in/images/dlogo.png]
[www.dequinox.in/images/features-2.1.delayed]
[www.dequinox.in/images/starnight11.jpg]
[www.dequinox.in/images/event1.jpg]
[www.dequinox.in/images/pic 4.jpg]
[www.dequinox.in/images/pic 5.jpg]
[www.dequinox.in/images/nukkadlogo.jpg]
[www.dequinox.in/nukkad.html]
[www.dequinox.in/images/stagelogo.jpg]
[www.dequinox.in/stage.html]
[www.dequinox.in/images/vervelogo.jpg]
[www.dequinox.in/verve.html]
[www.dequinox.in/images/doublelogo.jpg]
[www.dequinox.in/double.html]
[www.dequinox.in/images/synclogo.jpg]
[www.dequinox.in/sync.html]
[www.dequinox.in/images/droppinglogo.jpg]
[www.dequinox.in/dropping.html]
[www.dequinox.in/images/survivorlogo.jpg]
[www.dequinox.in/survivor.html]
[www.dequinox.in/images/ragalogo.jpg]
[www.dequinox.in/raga.html]
[www.dequinox.in/images/panachelogo.jpg]
[www.dequinox.in/panache.html]
[www.dequinox.in/images/walklogo.jpg]
[www.dequinox.in/walk.html]
[www.dequinox.in/images/clients-logo/1.png]
[www.dequinox.in/images/clients-logo/2.png]
[www.dequinox.in/images/clients-logo/3.png]
[www.dequinox.in/images/clients-logo/4.png]
[www.dequinox.in/images/clients-logo/5.png]
[www.dequinox.in/images/clients-logo/6.png]
[www.dequinox.in/images/clients-logo/7.png]
[www.dequinox.in/images/clients-logo/8.png]
[www.dequinox.in/images/clients-logo/9.png]
[www.dequinox.in/images/clients-logo/10.png]
[www.dequinox.in/images/clients-logo/18.jpg]
[www.dequinox.in/images/clients-logo/12.png]
[www.dequinox.in/images/clients-logo/13.png]
[www.dequinox.in/images/clients-logo/14.png]
[www.dequinox.in/images/clients-logo/15.png]
[www.dequinox.in/images/clients-logo/16.png]
[www.dequinox.in/images/clients-logo/17.png]
[www.dequinox.in/images/clients-logo/11.png]
[www.dequinox.in/events/index.html]
[www.dequinox.in/index-2.html]
[www.dequinox.in/images/starture.png]
[www.dequinox.in/js/plagin-js/preloader.js]
[www.dequinox.in/bootstrap/js/bootstrap.min.js]
[www.dequinox.in/index.html]
[www.dequinox.in/images/favicon.html]
[www.dequinox.in/images/apple-touch-icon.html]
[www.dequinox.in/images/apple-touch-icon-72x72.html]
[www.dequinox.in/images/apple-touch-icon-114x114.html]
[www.dequinox.in/js/custom-scripts.js]
[www.dequinox.in/js/plagin-js/plagin.js]
[www.dequinox.in/js/plagin-js/jquery-1.11.3.js]
[www.dequinox.in/bootstrap/fonts/glyphicons-halflings-regular.eot]
[www.dequinox.in/bootstrap/fonts/glyphicons-halflings-regulard41d.eot]
[www.dequinox.in/bootstrap/fonts/glyphicons-halflings-regular.woff2]
[www.dequinox.in/bootstrap/fonts/glyphicons-halflings-regular.woff]
[www.dequinox.in/bootstrap/fonts/glyphicons-halflings-regular.ttf]
[www.dequinox.in/bootstrap/fonts/glyphicons-halflings-regular.svg]
[www.dequinox.in/bootstrap/css/bootstrap.min.css]
[www.dequinox.in/css/plagin-css/grabbing.png]
[www.dequinox.in/css/plagin-css/owl.carousel.css]
[www.dequinox.in/icons/rik-icons/fonts/rik.eot]
[www.dequinox.in/icons/rik-icons/fonts/rik.woff]
[www.dequinox.in/icons/rik-icons/fonts/rikd41d.eot]
[www.dequinox.in/icons/rik-icons/fonts/rik.ttf]
[www.dequinox.in/icons/rik-icons/styles.css]
[www.dequinox.in/icons/rik-icons/fonts/rik.svg]
[www.dequinox.in/images/backgrnd.gif]
[www.dequinox.in/images/background-1.jpg]
[www.dequinox.in/css/style.css]
[www.dequinox.in/css/responsive.css]
[www.dequinox.in/images/services-1.html]
[www.dequinox.in/images/features-2.html]
[www.dequinox.in/bootstrap1/css/bootstrap.min.css]
[www.dequinox.in/css1/plagin-css/owl.carousel.css]
[www.dequinox.in/css1/plagin-css/jquery.fullPage.css]
[www.dequinox.in/css1/style.css]
[www.dequinox.in/css1/responsive.css]
[www.dequinox.in/images/nuka.jpg]
[www.dequinox.in/js1/plagin-js/preloader.js]
[www.dequinox.in/bootstrap1/js/bootstrap.min.js]
[www.dequinox.in/js1/plagin-js/plagin.js]
[www.dequinox.in/js1/custom-scripts.js]
[www.dequinox.in/nukkad.html]
[www.dequinox.in/images/stg.jpg]
[www.dequinox.in/js1/plagin-js/jquery-1.11.3.js]
[www.dequinox.in/stage.html]
[www.dequinox.in/images/vv.jpg]
[www.dequinox.in/verve.html]
[www.dequinox.in/images/dt.jpg]
[www.dequinox.in/double.html]
[www.dequinox.in/images/sync.jpg]
[www.dequinox.in/sync.html]
[www.dequinox.in/images/dn.jpg]
[www.dequinox.in/dropping.html]
[www.dequinox.in/images/survivor.4f.delayed]
[www.dequinox.in/survivor.html]
[www.dequinox.in/images/raga.jpg]
[www.dequinox.in/raga.html]
[www.dequinox.in/images/panache.jpg]
[www.dequinox.in/panache.html]
[www.dequinox.in/images/walk.jpg]
[www.dequinox.in/walk.html]
[www.dequinox.in/events/css/bootstrap.min.css]
[www.dequinox.in/events/css/agency.css]
[www.dequinox.in/events/font-awesome/css/font-awesome.min.css]
[www.dequinox.in/events/img/portfolio/face1.jpg]
[www.dequinox.in/events/img/portfolio/rap1.jpg]
[www.dequinox.in/events/img/portfolio/apna.jpg]
[www.dequinox.in/events/img/portfolio/air.jpg]
[www.dequinox.in/events/img/portfolio/beg.jpg]
[www.dequinox.in/events/img/portfolio/quiz.jpg]
[www.dequinox.in/events/img/portfolio/selfie1.jpg]
[www.dequinox.in/events/img/portfolio/karaoke.jpg]
[www.dequinox.in/events/img/portfolio/gully.jpg]
[www.dequinox.in/events/img/portfolio/fu.jpg]
[www.dequinox.in/events/img/portfolio/face.jpg]
[www.dequinox.in/events/img/portfolio/rap2.jpg]
[www.dequinox.in/events/img/portfolio/a.jpg]
[www.dequinox.in/events/img/portfolio/air2.jpg]
[www.dequinox.in/events/img/portfolio/st.jpg]
[www.dequinox.in/events/img/portfolio/quiz1.png]
[www.dequinox.in/events/img/portfolio/s.png]
[www.dequinox.in/events/img/portfolio/k.jpg]
[www.dequinox.in/events/img/portfolio/g.jpg]
[www.dequinox.in/events/img/portfolio/f.jpg]
[www.dequinox.in/events/js/bootstrap.min.js]
[www.dequinox.in/events/js/jquery.js]
[cdnjs.cloudflare.com/ajax/libs/jquery-easing/1.3/jquery.easing.min.js]
[www.dequinox.in/events/js/classie.js]
[www.dequinox.in/events/js/cbpAnimatedHeader.js]
[www.dequinox.in/events/js/contact_me.js]
[www.dequinox.in/events/js/jqBootstrapValidation.js]
[www.dequinox.in/events/index.html]
[www.dequinox.in/index-2.html]
[www.dequinox.in/bootstrap/fonts/glyphicons-halflings-regular.svg]
[www.dequinox.in/css/plagin-css/grabbing.html]
[www.dequinox.in/events/js/agency.js]
[www.dequinox.in/icons/rik-icons/fonts/rik.svg]
[www.dequinox.in/bootstrap1/fonts/glyphicons-halflings-regular.eot]
[www.dequinox.in/bootstrap1/fonts/glyphicons-halflings-regular.woff2]
[www.dequinox.in/bootstrap1/fonts/glyphicons-halflings-regular.woff]
[www.dequinox.in/bootstrap1/fonts/glyphicons-halflings-regulard41d.eot]
[www.dequinox.in/bootstrap1/css/bootstrap.min.css]
[www.dequinox.in/bootstrap1/fonts/glyphicons-halflings-regular.svg]
[www.dequinox.in/bootstrap1/fonts/glyphicons-halflings-regular.ttf]
[www.dequinox.in/css1/plagin-css/grabbing.77.delayed]
[www.dequinox.in/css1/plagin-css/owl.carousel.css]
[www.dequinox.in/css1/plagin-css/jquery.fullPage.css]
[www.dequinox.in/css1/style.css]
[www.dequinox.in/css1/responsive.css]
[www.dequinox.in/images/survivor.html]
[www.dequinox.in/events/fonts/glyphicons-halflings-regular.eot]
[www.dequinox.in/events/fonts/glyphicons-halflings-regular.woff2]
[www.dequinox.in/events/fonts/glyphicons-halflings-regulard41d.eot]
[www.dequinox.in/events/fonts/glyphicons-halflings-regular.woff]
[www.dequinox.in/events/fonts/glyphicons-halflings-regular.svg]
[www.dequinox.in/events/css/bootstrap.min.css]
[www.dequinox.in/events/fonts/glyphicons-halflings-regular.ttf]
[www.dequinox.in/events/img/header-bg.jpg]
[www.dequinox.in/events/img/map-image.png]
[www.dequinox.in/events/css/agency.css]
[www.dequinox.in/events/font-awesome/fonts/fontawesome-webfont78ce.eot]
[www.dequinox.in/events/font-awesome/fonts/fontawesome-webfontd41d.eot]
[www.dequinox.in/events/font-awesome/fonts/fontawesome-webfont78ce.woff]
[www.dequinox.in/events/font-awesome/fonts/fontawesome-webfont78ce.ttf]
[www.dequinox.in/events/font-awesome/fonts/fontawesome-webfont78ce.svg]
[www.dequinox.in/events/font-awesome/css/font-awesome.min.css]
[www.dequinox.in/bootstrap1/fonts/glyphicons-halflings-regular.svg]
[www.dequinox.in/css1/plagin-css/grabbing.html]
[www.dequinox.in/events/fonts/glyphicons-halflings-regular.svg]
[www.dequinox.in/events/font-awesome/fonts/fontawesome-webfont78ce.svg]
